============================= test session starts =============================
platform win32 -- Python 3.14.3, pytest-9.0.3, pluggy-1.6.0 -- C:\Python314\python.exe
cachedir: .pytest_cache
rootdir: C:\Users\ASUS\OneDrive\Desktop\PM@NextLeap\Build Hours\M 1
plugins: anyio-4.13.0
collecting ... collected 8 items

tests/test_phase2_validation.py::test_recommendations_accepts_valid_payload PASSED [ 12%]
tests/test_phase2_validation.py::test_recommendations_rejects_invalid_budget PASSED [ 25%]
tests/test_phase2_validation.py::test_recommendations_rejects_invalid_min_rating PASSED [ 37%]
tests/test_phase3_retrieval.py::test_hard_filters_exclude_wrong_location_budget_and_rating PASSED [ 50%]
tests/test_phase3_retrieval.py::test_soft_scoring_prefers_cuisine_cost_and_preference_fit PASSED [ 62%]
tests/test_phase3_retrieval.py::test_returns_cuisine_suggestions_when_cuisine_not_found FAILED [ 75%]
tests/test_phase4_llm.py::test_phase4_fallback_without_api_key PASSED    [ 87%]
tests/test_phase4_llm.py::test_phase4_uses_llm_when_available PASSED     [100%]

================================== FAILURES ===================================
___________ test_returns_cuisine_suggestions_when_cuisine_not_found ___________

    def test_returns_cuisine_suggestions_when_cuisine_not_found() -> None:
        request = RecommendationRequest(
            location="bangalore",
            budget=2000.0,
            cuisine=["chines"],
            min_rating=3.0,
            additional_preferences=None,
        )
        recommendations, suggestions, message = recommend(request, _sample_df())
        assert recommendations == []
        assert message is not None
>       assert "chinese" in suggestions
E       AssertionError: assert 'chinese' in ['Chinese']

tests\test_phase3_retrieval.py:98: AssertionError
============================== warnings summary ===============================
..\..\..\..\..\AppData\Roaming\Python\Python314\site-packages\starlette\formparsers.py:12
  C:\Users\ASUS\AppData\Roaming\Python\Python314\site-packages\starlette\formparsers.py:12: PendingDeprecationWarning: Please use `import python_multipart` instead.
    import multipart

..\..\..\..\..\AppData\Roaming\Python\Python314\site-packages\fastapi\routing.py:211
..\..\..\..\..\AppData\Roaming\Python\Python314\site-packages\fastapi\routing.py:211
..\..\..\..\..\AppData\Roaming\Python\Python314\site-packages\fastapi\routing.py:211
..\..\..\..\..\AppData\Roaming\Python\Python314\site-packages\fastapi\routing.py:211
..\..\..\..\..\AppData\Roaming\Python\Python314\site-packages\fastapi\routing.py:211
  C:\Users\ASUS\AppData\Roaming\Python\Python314\site-packages\fastapi\routing.py:211: DeprecationWarning: 'asyncio.iscoroutinefunction' is deprecated and slated for removal in Python 3.16; use inspect.iscoroutinefunction() instead
    is_coroutine = asyncio.iscoroutinefunction(dependant.call)

..\..\..\..\..\AppData\Roaming\Python\Python314\site-packages\starlette\_utils.py:42
tests/test_phase2_validation.py::test_recommendations_accepts_valid_payload
tests/test_phase2_validation.py::test_recommendations_rejects_invalid_budget
tests/test_phase2_validation.py::test_recommendations_rejects_invalid_budget
tests/test_phase2_validation.py::test_recommendations_rejects_invalid_min_rating
tests/test_phase2_validation.py::test_recommendations_rejects_invalid_min_rating
  C:\Users\ASUS\AppData\Roaming\Python\Python314\site-packages\starlette\_utils.py:42: DeprecationWarning: 'asyncio.iscoroutinefunction' is deprecated and slated for removal in Python 3.16; use inspect.iscoroutinefunction() instead
    return asyncio.iscoroutinefunction(obj) or (

..\..\..\..\..\AppData\Roaming\Python\Python314\site-packages\starlette\_utils.py:43
  C:\Users\ASUS\AppData\Roaming\Python\Python314\site-packages\starlette\_utils.py:43: DeprecationWarning: 'asyncio.iscoroutinefunction' is deprecated and slated for removal in Python 3.16; use inspect.iscoroutinefunction() instead
    callable(obj) and asyncio.iscoroutinefunction(obj.__call__)

-- Docs: https://docs.pytest.org/en/stable/how-to/capture-warnings.html
=========================== short test summary info ===========================
FAILED tests/test_phase3_retrieval.py::test_returns_cuisine_suggestions_when_cuisine_not_found
================== 1 failed, 7 passed, 13 warnings in 6.84s ===================
